
> kids@0.0.1 build
> astro build

20:12:10 [content] Syncing content
20:12:10 [content] Synced content
20:12:11 [types] Generated 181ms
20:12:11 [build] output: "static"
20:12:11 [build] mode: "static"
20:12:11 [build] directory: /Users/mkazim/Documents/Programming/kids/dist/
20:12:11 [build] Collecting build info...
20:12:11 [build] ✓ Completed in 190ms.
20:12:11 [build] Building static entrypoints...
20:12:11 [vite] ✓ built in 146ms
20:12:11 [vite] ✓ built in 18ms
20:12:11 [build] Rearranging server assets...

 generating static routes 
20:12:11   ├─ /about/index.html (+9ms) 
20:12:11   ├─ /fr/about/index.html (+2ms) 
20:12:11   ├─ /audio/story-1-the-sand-that-turned-red/index.html (+2ms) 
20:12:11   ├─ /audio/story-2-its-never-too-late/index.html (+2ms) 
20:12:11   ├─ /audio/story-3-in-the-dark/index.html (+2ms) 
20:12:11   ├─ /audio/story-4-a-letter-from-the-enemy/index.html (+2ms) 
20:12:11   ├─ /audio/story-5-i-only-see-beauty/index.html (+2ms) 
20:12:11   ├─ /audio/story-1-lady-fatimah/index.html (+2ms) 
20:12:11   ├─ /audio/story-2-lady-maryam/index.html (+2ms) 
20:12:11   ├─ /audio/story-3-lady-masumah/index.html (+2ms) 
20:12:11   ├─ /audio/story-1-the-hidden-gem/index.html (+2ms) 
20:12:11   ├─ /audio/story-2-the-longing-heart/index.html (+1ms) 
20:12:11   ├─ /audio/story-3-secret-encounters/index.html (+1ms) 
20:12:11   ├─ /audio/story-1-the-awaited-night/index.html (+1ms) 
20:12:11   ├─ /audio/story-2-the-secret/index.html (+1ms) 
20:12:11   ├─ /audio/story-3-the-hidden-imam/index.html (+1ms) 
20:12:11   ├─ /audio/story-1-the-guest-of-the-kaba/index.html (+2ms) 
20:12:11   ├─ /audio/story-2-the-mysterious-shadow/index.html (+1ms) 
20:12:11   ├─ /audio/story-3-the-helpful-khadim/index.html (+1ms) 
20:12:11   ├─ /audio/story-4-the-lions-who-obeyed/index.html (+1ms) 
20:12:11   ├─ /audio/story-1-the-secret-dua/index.html (+1ms) 
20:12:11   ├─ /audio/story-2-the-shining-chadar/index.html (+1ms) 
20:12:11   ├─ /audio/story-3-the-sparkling-necklace/index.html (+2ms) 
20:12:11   ├─ /audio/story-4-the-shared-bread/index.html (+1ms) 
20:12:11   ├─ /audio/story-5-the-surprising-reply/index.html (+1ms) 
20:12:11   ├─ /audio/story-6-the-selfless-charity/index.html (+1ms) 
20:12:11   ├─ /audio/story-1-building-masjidun-nabi/index.html (+1ms) 
20:12:11   ├─ /audio/story-2-what-a-quick-prayer/index.html (+1ms) 
20:12:11   ├─ /audio/story-3-a-little-boy-who-loved-dates/index.html (+2ms) 
20:12:11   ├─ /audio/story-4-why-is-the-prophet-late/index.html (+1ms) 
20:12:11   ├─ /audio/story-5-two-groups-in-the-masjid/index.html (+1ms) 
20:12:11   ├─ /audio/story-1-farewell-madia/index.html (+1ms) 
20:12:11   ├─ /audio/story-2-towards-makka/index.html (+1ms) 
20:12:11   ├─ /audio/story-3-letters-from-kufa/index.html (+1ms) 
20:12:11   ├─ /audio/story-4-the-thirsty-army/index.html (+2ms) 
20:12:11   ├─ /audio/story-5-reaching-karbala/index.html (+1ms) 
20:12:11   ├─ /audio/story-6-surrounded/index.html (+1ms) 
20:12:11   ├─ /audio/story-7-the-day-before-ashura/index.html (+1ms) 
20:12:11   ├─ /audio/story-8-hurr-returns/index.html (+1ms) 
20:12:11   ├─ /audio/story-9-the-torn-waterskin/index.html (+1ms) 
20:12:11   ├─ /audio/story-10-labbayk-ya-husayn/index.html (+2ms) 
20:12:11   ├─ /audio/story-11-the-true-winners/index.html (+1ms) 
20:12:11   ├─ /audio/story-1-the-miraculous-fire/index.html (+1ms) 
20:12:11   ├─ /audio/story-2-the-grand-competition/index.html (+1ms) 
20:12:11   ├─ /audio/story-3-the-amazing-escape/index.html (+1ms) 
20:12:11   ├─ /audio/story-4-the-secret-hideout/index.html (+1ms) 
20:12:11   ├─ /audio/story-5-the-young-hero/index.html (+2ms) 
20:12:11   ├─ /audio/story-1-kaabas-special-guest/index.html (+1ms) 
20:12:11   ├─ /audio/story-2-a-shield-against-stones/index.html (+1ms) 
20:12:11   ├─ /audio/story-3-the-sleep-that-saved-rasulullah/index.html (+1ms) 
20:12:11   ├─ /audio/story-4-a-strike-of-his-sword/index.html (+1ms) 
20:12:11   ├─ /audio/story-5-the-bravest-warrior/index.html (+1ms) 
20:12:11   ├─ /audio/story-6-the-hand-that-was-held-high/index.html (+2ms) 
20:12:11   ├─ /audio/story-1-the-ark-of-patience/index.html (+1ms) 
20:12:11   ├─ /audio/story-2-the-mysterious-basket/index.html (+1ms) 
20:12:11   ├─ /audio/story-3-the-brave-man-who-escaped/index.html (+1ms) 
20:12:11   ├─ /audio/story-4-the-ants-conversation/index.html (+1ms) 
20:12:11   ├─ /audio/story-5-the-guest-of-the-whale/index.html (+1ms) 
20:12:11   ├─ /audio/story-1-seeds-of-muqawamah/index.html (+2ms) 
20:12:11   ├─ /fr/audio/story-1-seeds-of-muqawamah/index.html (+1ms) 
20:12:11   ├─ /audio/story-2-love-of-learning/index.html (+1ms) 
20:12:11   ├─ /fr/audio/story-2-love-of-learning/index.html (+1ms) 
20:12:11   ├─ /audio/story-3-a-true-islamic-scholar/index.html (+1ms) 
20:12:11   ├─ /fr/audio/story-3-a-true-islamic-scholar/index.html (+1ms) 
20:12:11   ├─ /audio/story-4-kindness-to-parents/index.html (+1ms) 
20:12:11   ├─ /fr/audio/story-4-kindness-to-parents/index.html (+1ms) 
20:12:11   ├─ /audio/story-5-behind-bars/index.html (+1ms) 
20:12:11   ├─ /fr/audio/story-5-behind-bars/index.html (+1ms) 
20:12:11   ├─ /audio/story-6-far-from-home/index.html (+1ms) 
20:12:11   ├─ /fr/audio/story-6-far-from-home/index.html (+1ms) 
20:12:11   ├─ /audio/story-7-the-peoples-revolution/index.html (+2ms) 
20:12:11   ├─ /fr/audio/story-7-the-peoples-revolution/index.html (+1ms) 
20:12:11   ├─ /audio/story-8-imam-khomeneis-return/index.html (+1ms) 
20:12:11   ├─ /fr/audio/story-8-imam-khomeneis-return/index.html (+1ms) 
20:12:11   ├─ /audio/story-9-protected-by-allah/index.html (+1ms) 
20:12:11   ├─ /fr/audio/story-9-protected-by-allah/index.html (+1ms) 
20:12:11   ├─ /audio/story-1-farewell-to-madina/index.html (+2ms) 
20:12:11   ├─ /audio/story-2-the-golden-chain/index.html (+1ms) 
20:12:11   ├─ /audio/story-3-mamuns-tricks/index.html (+1ms) 
20:12:11   ├─ /audio/story-4-the-special-eid-prayer/index.html (+1ms) 
20:12:11   ├─ /audio/story-5-praying-for-rain/index.html (+1ms) 
20:12:11   ├─ /categories/index.html (+2.41s) 
20:12:13   ├─ /fr/categories/index.html (+158ms) 
20:12:13   ├─ /category/glimpses-of-karbala-with-nana/index.html (+8ms) 
20:12:13   ├─ /category/heavenly-ladies/index.html (+4ms) 
20:12:13   ├─ /category/imam-mahdi-over-6/index.html (+5ms) 
20:12:13   ├─ /category/imam-mahdi-under-6/index.html (+4ms) 
20:12:13   ├─ /category/imam-sajjad/index.html (+3ms) 
20:12:13   ├─ /category/lady-of-light/index.html (+3ms) 
20:12:13   ├─ /category/little-lights/index.html (+3ms) 
20:12:13   ├─ /category/little-ruqayya/index.html (+3ms) 
20:12:13   ├─ /category/mahe-ramadhan/index.html (+10ms) 
20:12:13   ├─ /category/mawla-ali/index.html (+2ms) 
20:12:13   ├─ /category/ramadhan/index.html (+2ms) 
20:12:13   ├─ /category/shaheed-khamenei/index.html (+1ms) 
20:12:13   ├─ /fr/category/shaheed-khamenei/index.html (+2ms) 
20:12:13   ├─ /category/shining-sun/index.html (+4ms) 
20:12:13   ├─ /saved/index.html (+3ms) 
20:12:13   ├─ /fr/saved/index.html (+1ms) 
20:12:13   ├─ /index.html (+4ms) 
20:12:13   ├─ /fr/index.html (+2ms) 
20:12:13 ✓ Completed in 2.75s.

 generating optimized images 
20:12:13   ▶ /_astro/logo.QeddVQz6_ZWnMJ3.webp (reused cache entry) (+3ms) (1/174)
20:12:13   ▶ /_astro/01_1weBsK.webp (reused cache entry) (+3ms) (2/174)
20:12:13   ▶ /_astro/03_1myc12.webp (reused cache entry) (+3ms) (3/174)
20:12:13   ▶ /_astro/02_1rooJo.webp (reused cache entry) (+3ms) (4/174)
20:12:13   ▶ /_astro/04_1hHYhF.webp (reused cache entry) (+3ms) (5/174)
20:12:13   ▶ /_astro/05_1cRLyj.webp (reused cache entry) (+3ms) (6/174)
20:12:13   ▶ /_astro/02_Zdm9sv.webp (reused cache entry) (+3ms) (7/174)
20:12:13   ▶ /_astro/01_Z8vVJ9.webp (reused cache entry) (+3ms) (8/174)
20:12:13   ▶ /_astro/03_ZicmbR.webp (reused cache entry) (+3ms) (9/174)
20:12:13   ▶ /_astro/01_Z2q8799.webp (reused cache entry) (+4ms) (10/174)
20:12:13   ▶ /_astro/01_ZgRgK7.webp (reused cache entry) (+3ms) (11/174)
20:12:13   ▶ /_astro/04_ZvnSVc.webp (reused cache entry) (+3ms) (12/174)
20:12:13   ▶ /_astro/03_ZqxGcP.webp (reused cache entry) (+3ms) (13/174)
20:12:13   ▶ /_astro/02_ZtlRai.webp (reused cache entry) (+3ms) (14/174)
20:12:13   ▶ /_astro/05_ZAe6Ey.webp (reused cache entry) (+3ms) (15/174)
20:12:13   ▶ /_astro/02_ZlHttt.webp (reused cache entry) (+3ms) (16/174)
20:12:13   ▶ /_astro/01_ZovEqV.webp (reused cache entry) (+3ms) (17/174)
20:12:13   ▶ /_astro/03_Zyc4SE.webp (reused cache entry) (+3ms) (18/174)
20:12:13   ▶ /_astro/02_Z2uXjRv.webp (reused cache entry) (+6ms) (19/174)
20:12:13   ▶ /_astro/03_2unBd4.webp (reused cache entry) (+3ms) (20/174)
20:12:13   ▶ /_astro/01_Z8E2fS.webp (reused cache entry) (+5ms) (21/174)
20:12:13   ▶ /_astro/01_Z1rbDpA.webp (reused cache entry) (+3ms) (22/174)
20:12:13   ▶ /_astro/02_Z1w1Q8W.webp (reused cache entry) (+3ms) (23/174)
20:12:13   ▶ /_astro/03_Z1AR3Rj.webp (reused cache entry) (+3ms) (24/174)
20:12:13   ▶ /_astro/01_2evx61.webp (reused cache entry) (+3ms) (25/174)
20:12:13   ▶ /_astro/03_24P7Di.webp (reused cache entry) (+3ms) (26/174)
20:12:13   ▶ /_astro/04_1YYTTV.webp (reused cache entry) (+4ms) (27/174)
20:12:13   ▶ /_astro/02_29FkmE.webp (reused cache entry) (+5ms) (28/174)
20:12:13   ▶ /_astro/01_Z1nwiLq.webp (reused cache entry) (+2ms) (29/174)
20:12:13   ▶ /_astro/02_Z12CxnL.webp (reused cache entry) (+2ms) (30/174)
20:12:13   ▶ /_astro/02_Z3G4Ed.webp (reused cache entry) (+2ms) (31/174)
20:12:13   ▶ /_astro/03_Z17sK78.webp (reused cache entry) (+2ms) (32/174)
20:12:13   ▶ /_astro/01_ZbDiwd.webp (reused cache entry) (+2ms) (33/174)
20:12:13   ▶ /_astro/03_Z8whnz.webp (reused cache entry) (+2ms) (34/174)
20:12:13   ▶ /_astro/01_1P9HVC.webp (reused cache entry) (+2ms) (35/174)
20:12:13   ▶ /_astro/03_1FtitT.webp (reused cache entry) (+2ms) (36/174)
20:12:13   ▶ /_astro/04_1AD5Kx.webp (reused cache entry) (+1ms) (37/174)
20:12:13   ▶ /_astro/01_ZWMkEp.webp (reused cache entry) (+1ms) (38/174)
20:12:13   ▶ /_astro/02_1Kjvdg.webp (reused cache entry) (+1ms) (39/174)
20:12:13   ▶ /_astro/01_ZMdRYS.webp (reused cache entry) (+1ms) (40/174)
20:12:13   ▶ /_astro/02_ZR45If.webp (reused cache entry) (+3ms) (41/174)
20:12:13   ▶ /_astro/01_ZozP2R.webp (reused cache entry) (+3ms) (42/174)
20:12:13   ▶ /_astro/03_ZVTirB.webp (reused cache entry) (+3ms) (43/174)
20:12:13   ▶ /_astro/06_Z1bpUCG.webp (reused cache entry) (+2ms) (44/174)
20:12:13   ▶ /_astro/04_Z11JvaX.webp (reused cache entry) (+3ms) (45/174)
20:12:13   ▶ /_astro/01_Zric8w.webp (reused cache entry) (+3ms) (46/174)
20:12:13   ▶ /_astro/05_Z16zHTk.webp (reused cache entry) (+3ms) (47/174)
20:12:13   ▶ /_astro/01_9jSN5.webp (reused cache entry) (+3ms) (48/174)
20:12:13   ▶ /_astro/02_4tG4I.webp (reused cache entry) (+2ms) (49/174)
20:12:13   ▶ /_astro/02_Zw8oQS.webp (reused cache entry) (+4ms) (50/174)
20:12:13   ▶ /_astro/03_ZAXBAf.webp (reused cache entry) (+4ms) (51/174)
20:12:13   ▶ /_astro/01_19849.webp (reused cache entry) (+2ms) (52/174)
20:12:13   ▶ /_astro/06_ZeR8OI.webp (reused cache entry) (+2ms) (53/174)
20:12:13   ▶ /_astro/03_ZlvDD.webp (reused cache entry) (+2ms) (54/174)
20:12:13   ▶ /_astro/04_Z5bIn0.webp (reused cache entry) (+2ms) (55/174)
20:12:13   ▶ /_astro/05_Za1V6m.webp (reused cache entry) (+3ms) (56/174)
20:12:13   ▶ /_astro/01_1xHGxB.webp (reused cache entry) (+5ms) (57/174)
20:12:13   ▶ /_astro/04_ZFNOjB.webp (reused cache entry) (+5ms) (58/174)
20:12:13   ▶ /_astro/02_1sRtOf.webp (reused cache entry) (+4ms) (59/174)
20:12:13   ▶ /_astro/05_ZKE22X.webp (reused cache entry) (+4ms) (60/174)
20:12:13   ▶ /_astro/03_1o2h5S.webp (reused cache entry) (+4ms) (61/174)
20:12:13   ▶ /_astro/01_Z1cY27q.webp (reused cache entry) (+4ms) (62/174)
20:12:13   ▶ /_astro/01_24gwVV.webp (reused cache entry) (+4ms) (63/174)
20:12:13   ▶ /_astro/02_1Yqkdz.webp (reused cache entry) (+4ms) (64/174)
20:12:13   ▶ /_astro/03_1TA7ud.webp (reused cache entry) (+5ms) (65/174)
20:12:13   ▶ /_astro/04_1OJTKQ.webp (reused cache entry) (+6ms) (66/174)
20:12:13   ▶ /_astro/05_1JTH2u.webp (reused cache entry) (+3ms) (67/174)
20:12:13   ▶ /_astro/04_1jc4mw.webp (reused cache entry) (+3ms) (68/174)
20:12:13   ▶ /_astro/05_1elQDa.webp (reused cache entry) (+3ms) (69/174)
20:12:13   ▶ /_astro/06_1F4uj8.webp (reused cache entry) (+3ms) (70/174)
20:12:13   ▶ /_astro/07_1AehzL.webp (reused cache entry) (+4ms) (71/174)
20:12:13   ▶ /_astro/08_1vo4Qp.webp (reused cache entry) (+4ms) (72/174)
20:12:13   ▶ /_astro/01_1RQNbe.webp (reused cache entry) (+4ms) (73/174)
20:12:13   ▶ /_astro/02_1N1ArR.webp (reused cache entry) (+3ms) (74/174)
20:12:13   ▶ /_astro/03_1IbnIv.webp (reused cache entry) (+4ms) (75/174)
20:12:13   ▶ /_astro/04_1Dlb09.webp (reused cache entry) (+2ms) (76/174)
20:12:13   ▶ /_astro/05_1yuXgM.webp (reused cache entry) (+2ms) (77/174)
20:12:13   ▶ /_astro/10_ZiTHQS.webp (reused cache entry) (+2ms) (78/174)
20:12:13   ▶ /_astro/09_1qxR83.webp (reused cache entry) (+2ms) (79/174)
20:12:13   ▶ /_astro/06_1tEKxq.webp (reused cache entry) (+2ms) (80/174)
20:12:13   ▶ /_astro/08_1jYl5H.webp (reused cache entry) (+1ms) (81/174)
20:12:13   ▶ /_astro/07_1oOxO4.webp (reused cache entry) (+2ms) (82/174)
20:12:13   ▶ /_astro/11_ZnJUAf.webp (reused cache entry) (+3ms) (83/174)
20:12:13   ▶ /_astro/01_Z1cn01q.webp (reused cache entry) (+3ms) (84/174)
20:12:13   ▶ /_astro/02_Z1hdcJM.webp (reused cache entry) (+3ms) (85/174)
20:12:13   ▶ /_astro/04_Z1qSCcv.webp (reused cache entry) (+3ms) (86/174)
20:12:13   ▶ /_astro/03_Z1m3pt9.webp (reused cache entry) (+3ms) (87/174)
20:12:13   ▶ /_astro/09_1f98ml.webp (reused cache entry) (+3ms) (88/174)
20:12:13   ▶ /_astro/10_ZujrCA.webp (reused cache entry) (+3ms) (89/174)
20:12:13   ▶ /_astro/05_Z1vIOUR.webp (reused cache entry) (+3ms) (90/174)
20:12:13   ▶ /_astro/01_ZThl2T.webp (reused cache entry) (+4ms) (91/174)
20:12:13   ▶ /_astro/11_Zz9ElW.webp (reused cache entry) (+2ms) (92/174)
20:12:13   ▶ /_astro/02_ZY7xLg.webp (reused cache entry) (+4ms) (93/174)
20:12:13   ▶ /_astro/02_ZkEpVO.webp (reused cache entry) (+2ms) (94/174)
20:12:13   ▶ /_astro/01_ZfOdds.webp (reused cache entry) (+2ms) (95/174)
20:12:13   ▶ /_astro/03_ZpuCFb.webp (reused cache entry) (+2ms) (96/174)
20:12:13   ▶ /_astro/04_ZukPox.webp (reused cache entry) (+2ms) (97/174)
20:12:13   ▶ /_astro/04_Z18MXdY.webp (reused cache entry) (+2ms) (98/174)
20:12:13   ▶ /_astro/03_Z13WKuC.webp (reused cache entry) (+2ms) (99/174)
20:12:13   ▶ /_astro/05_Zzb37T.webp (reused cache entry) (+2ms) (100/174)
20:12:13   ▶ /_astro/01_ZBYqo0.webp (reused cache entry) (+1ms) (101/174)
20:12:13   ▶ /_astro/01_Z1vCX6f.webp (reused cache entry) (+2ms) (102/174)
20:12:13   ▶ /_astro/06_Z1itnFH.webp (reused cache entry) (+2ms) (103/174)
20:12:13   ▶ /_astro/02_Z1AtaOB.webp (reused cache entry) (+2ms) (104/174)
20:12:13   ▶ /_astro/05_Z1dDaWl.webp (reused cache entry) (+2ms) (105/174)
20:12:13   ▶ /_astro/02_ZGOD7m.webp (reused cache entry) (+2ms) (106/174)
20:12:13   ▶ /_astro/04_Z1K9Ahk.webp (reused cache entry) (+3ms) (107/174)
20:12:13   ▶ /_astro/03_ZLEPPI.webp (reused cache entry) (+3ms) (108/174)
20:12:13   ▶ /_astro/03_Z1FjnxX.webp (reused cache entry) (+3ms) (109/174)
20:12:13   ▶ /_astro/04_ZQv3z5.webp (reused cache entry) (+2ms) (110/174)
20:12:13   ▶ /_astro/05_ZVlgir.webp (reused cache entry) (+2ms) (111/174)
20:12:13   ▶ /_astro/01_Z21vmk9.webp (reused cache entry) (+2ms) (112/174)
20:12:13   ▶ /_astro/06_Z1TP0J3.webp (reused cache entry) (+2ms) (113/174)
20:12:13   ▶ /_astro/05_Z1OYN0G.webp (reused cache entry) (+2ms) (114/174)
20:12:13   ▶ /_astro/01_ZsuYHL.webp (reused cache entry) (+3ms) (115/174)
20:12:13   ▶ /_astro/02_Z26lz3v.webp (reused cache entry) (+3ms) (116/174)
20:12:13   ▶ /_astro/02_Zxlcr8.webp (reused cache entry) (+2ms) (117/174)
20:12:13   ▶ /_astro/03_Z2bbLLR.webp (reused cache entry) (+2ms) (118/174)
20:12:13   ▶ /_astro/05_Z2kRceA.webp (reused cache entry) (+3ms) (119/174)
20:12:13   ▶ /_astro/03_ZCbpau.webp (reused cache entry) (+3ms) (120/174)
20:12:13   ▶ /_astro/04_Z2g1Yve.webp (reused cache entry) (+3ms) (121/174)
20:12:13   ▶ /_astro/05_ZLQOCd.webp (reused cache entry) (+3ms) (122/174)
20:12:13   ▶ /_astro/04_ZH1BSQ.webp (reused cache entry) (+4ms) (123/174)
20:12:13   ▶ /_astro/06_ZQH2lz.webp (reused cache entry) (+4ms) (124/174)
20:12:13   ▶ /_astro/08_Z11nrNi.webp (reused cache entry) (+3ms) (125/174)
20:12:13   ▶ /_astro/01_Z1kRTct.webp (reused cache entry) (+4ms) (126/174)
20:12:13   ▶ /_astro/07_ZVxf4V.webp (reused cache entry) (+4ms) (127/174)
20:12:13   ▶ /_astro/02_Z1pI6UP.webp (reused cache entry) (+4ms) (128/174)
20:12:13   ▶ /_astro/01_1zuMHJ.webp (reused cache entry) (+2ms) (129/174)
20:12:13   ▶ /_astro/09_Z16dEwE.webp (reused cache entry) (+3ms) (130/174)
20:12:13   ▶ /_astro/03_Z1uyjEc.webp (reused cache entry) (+3ms) (131/174)
20:12:13   ▶ /_astro/05_Z1EeJ6U.webp (reused cache entry) (+3ms) (132/174)
20:12:13   ▶ /_astro/04_Z1zowny.webp (reused cache entry) (+2ms) (133/174)
20:12:13   ▶ /_astro/06_Z1J4VPh.webp (reused cache entry) (+2ms) (134/174)
20:12:13   ▶ /_astro/08_Z1SKmi0.webp (reused cache entry) (+2ms) (135/174)
20:12:13   ▶ /_astro/01_1Cmmtw.webp (reused cache entry) (+2ms) (136/174)
20:12:13   ▶ /_astro/07_Z1NU9yD.webp (reused cache entry) (+3ms) (137/174)
20:12:13   ▶ /_astro/02_1uEzYn.webp (reused cache entry) (+3ms) (138/174)
20:12:13   ▶ /_astro/01_Zll84A.webp (reused cache entry) (+3ms) (139/174)
20:12:13   ▶ /_astro/09_Z1XAz1m.webp (reused cache entry) (+3ms) (140/174)
20:12:13   ▶ /_astro/04_1kYawE.webp (reused cache entry) (+2ms) (141/174)
20:12:13   ▶ /_astro/03_1pOng1.webp (reused cache entry) (+3ms) (142/174)
20:12:13   ▶ /_astro/05_1g8WNi.webp (reused cache entry) (+3ms) (143/174)
20:12:13   ▶ /_astro/01_wk6Ko.webp (reused cache entry) (+3ms) (144/174)
20:12:13   ▶ /_astro/02_ZqbkMW.webp (reused cache entry) (+2ms) (145/174)
20:12:13   ▶ /_astro/cover_1CV2hJ.webp (reused cache entry) (+3ms) (146/174)
20:12:13   ▶ /_astro/cover_Z1Wp00l.webp (reused cache entry) (+4ms) (147/174)
20:12:13   ▶ /_astro/04_ZzQKfF.webp (reused cache entry) (+2ms) (148/174)
20:12:13   ▶ /_astro/cover_Z1gQScW.webp (reused cache entry) (+3ms) (149/174)
20:12:13   ▶ /_astro/cover_16HgPE.webp (reused cache entry) (+2ms) (150/174)
20:12:13   ▶ /_astro/cover_Z2wTGN4.webp (reused cache entry) (+3ms) (151/174)
20:12:13   ▶ /_astro/03_Zv1xwj.webp (reused cache entry) (+2ms) (152/174)
20:12:13   ▶ /_astro/05_ZEGWY2.webp (reused cache entry) (+3ms) (153/174)
20:12:13   ▶ /_astro/cover_Z9aT8.webp (reused cache entry) (+2ms) (154/174)
20:12:13   ▶ /_astro/cover_Z1s22HN.webp (reused cache entry) (+2ms) (155/174)
20:12:13   ▶ /_astro/cover_ZlJ2UT.webp (reused cache entry) (+3ms) (156/174)
20:12:13   ▶ /_astro/cover_pql0N.webp (reused cache entry) (+2ms) (157/174)
20:12:13   ▶ /_astro/cover_Z1yY1yV.webp (reused cache entry) (+3ms) (158/174)
20:12:13   ▶ /_astro/cover_BXea5.webp (reused cache entry) (+4ms) (159/174)
20:12:13   ▶ /_astro/cover_Z1GQOuj.webp (reused cache entry) (+3ms) (160/174)
20:12:13   ▶ /_astro/cover_ZJyE1c.webp (reused cache entry) (+3ms) (161/174)
20:12:13   ▶ /_astro/cover_1wjeqa.webp (reused cache entry) (+3ms) (162/174)
20:12:13   ▶ /_astro/cover_Z1XYz3D.webp (reused cache entry) (+2ms) (163/174)
20:12:13   ▶ /_astro/cover_R5xHB.webp (reused cache entry) (+3ms) (164/174)
20:12:13   ▶ /_astro/cover_Z11GWCs.webp (reused cache entry) (+1ms) (165/174)
20:12:13   ▶ /_astro/cover_ZrTwMy.webp (reused cache entry) (+2ms) (166/174)
20:12:13   ▶ /_astro/cover_Z7RHLs.webp (reused cache entry) (+4ms) (167/174)
20:12:13   ▶ /_astro/cover_Z7uDoE.webp (reused cache entry) (+1ms) (168/174)
20:12:13   ▶ /_astro/cover_jg6a1.webp (reused cache entry) (+1ms) (169/174)
20:12:14   ▶ /_astro/cover_Z1iXCEg.webp (reused cache entry) (+0ms) (170/174)
20:12:14   ▶ /_astro/cover_zuPdK.webp (reused cache entry) (+1ms) (171/174)
20:12:14   ▶ /_astro/cover_1CRBAU.webp (reused cache entry) (+1ms) (172/174)
20:12:14   ▶ /_astro/cover_6UDD9.webp (reused cache entry) (+1ms) (173/174)
20:12:14   ▶ /_astro/cover_Z27mOIO.webp (reused cache entry) (+0ms) (174/174)
20:12:14 ✓ Completed in 50ms.

20:12:14 [build] ✓ Completed in 2.98s.
20:12:14 [build] 101 page(s) built in 3.19s
20:12:14 [build] Complete!
